===== Teste de Segurança =====
Data: Fri Aug  7 10:51:14 PM UTC 2026

[TESTE 1] POST sem chave de API
HTTP/1.1 401 Unauthorized
X-Powered-By: Express
Access-Control-Allow-Origin: *
Content-Type: application/json; charset=utf-8
Content-Length: 72
ETag: W/"48-KbvcCxxh1+KFHOhmWe4NsKQUbvQ"
Date: Fri, 07 Aug 2026 22:51:14 GMT
Connection: keep-alive
Keep-Alive: timeout=5

{"erro":"Acesso nao autorizado. Header 'X-API-KEY' invalido ou ausente"}
[TESTE 2] POST com chave inválida
HTTP/1.1 401 Unauthorized
X-Powered-By: Express
Access-Control-Allow-Origin: *
Content-Type: application/json; charset=utf-8
Content-Length: 72
ETag: W/"48-KbvcCxxh1+KFHOhmWe4NsKQUbvQ"
Date: Fri, 07 Aug 2026 22:51:14 GMT
Connection: keep-alive
Keep-Alive: timeout=5

{"erro":"Acesso nao autorizado. Header 'X-API-KEY' invalido ou ausente"}
[TESTE 3] POST com chave válida e CNH inválida
HTTP/1.1 400 Bad Request
X-Powered-By: Express
Access-Control-Allow-Origin: *
Content-Type: application/json; charset=utf-8
Content-Length: 61
ETag: W/"3d-zJ/RuMdYtaZ1H5as3U21/nLr9UY"
Date: Fri, 07 Aug 2026 22:51:14 GMT
Connection: keep-alive
Keep-Alive: timeout=5

{"erro":"CNH inválida. Deve conter 11 dígitos numéricos."}
[TESTE 4] POST com chave válida e CNH válida
HTTP/1.1 400 Bad Request
X-Powered-By: Express
Access-Control-Allow-Origin: *
Content-Type: application/json; charset=utf-8
Content-Length: 65
ETag: W/"41-yXIcVqd/QzTXRlkZ2Bsc+PhCMF8"
Date: Fri, 07 Aug 2026 22:51:14 GMT
Connection: keep-alive
Keep-Alive: timeout=5

{"erro":"Campos 'nome', 'cnh' e 'categoria' são obrigatórios."}
===== Fim dos Testes =====
